// Jest Snapshot v1, https://goo.gl/fbAQLP

exports[`matches snapshot 1`] = `
<div
  data-testid="home-1"
>
  <div
    class="bg-cover bg-center min-h-96"
    style={
      Object {
        "backgroundImage": "url(temp_park.jpeg)",
      }
    }
  />
  <div
    className="flex sm:flex-col md:flex-row items-center justify-around gap-20 my-10"
  >
    <div
      className="flex flex-col items-center"
    >
      <span
        className="text-center tracking-widest xxs:text-md xs:text-lg sm:text-xl md:text-2xl lg:w-3xl xl:4xl"
      >
        Learn about the park
      </span>
      <img
        className="sm:w-16 md:w-20 lg:w-24 xl:w-32"
        src="lightbuld.jpeg"
      />
    </div>
    <div
      className="flex flex-col items-center"
    >
      <span
        className="text-center tracking-widest xxs:text-md xs:text-lg sm:text-xl md:text-2xl lg:w-3xl xl:4xl"
      >
        How to help
      </span>
      <img
        className="sm:w-16 md:w-20 lg:w-24 xl:w-32"
        src="shovel_icon.jpeg"
      />
    </div>
    <div
      className="flex flex-col items-center"
    >
      <span
        className="text-center tracking-widest xxs:text-md xs:text-lg sm:text-xl md:text-2xl lg:w-3xl xl:4xl"
      >
        Upcoming Events
      </span>
      <img
        className="sm:w-16 md:w-20 lg:w-24 xl:w-32"
        src="calendar_icon.jpeg"
      />
    </div>
  </div>
  <div
    className="flex flex-col items-center"
  >
    <span
      className="text-center tracking-widest xxs:text-md xs:text-lg sm:text-xl md:text-2xl lg:w-3xl xl:4xl"
    >
      View our gallery
    </span>
    <div
      className="flex justify-around gap-4 mt-4 mb-8"
    >
      <img
        className="xxs:max-w-5 xs:min-w-10 sm:min-w-20 md:w-36 lg:w-52 xl:min-w-70 rounded-sm"
        src="image_1.jpeg"
      />
      <img
        className="xxs:max-w-5 xs:min-w-10 sm:min-w-20 md:w-36 lg:w-52 xl:min-w-70 rounded-sm"
        src="image_2.jpeg"
      />
      <img
        className="xxs:max-w-5 xs:min-w-10 sm:min-w-20 md:w-36 lg:w-52 xl:min-w-70 rounded-sm"
        src="image_3.jpeg"
      />
      <img
        className="xxs:max-w-5 xs:min-w-10 sm:min-w-20 md:w-36 lg:w-52 xl:min-w-70 rounded-sm"
        src="image_4.jpeg"
      />
      <img
        className="xxs:max-w-5 xs:min-w-10 sm:min-w-20 md:w-36 lg:w-52 xl:min-w-70 rounded-sm"
        src="image_5.jpeg"
      />
      <img
        className="xxs:max-w-5 xs:min-w-10 sm:min-w-20 md:w-36 lg:w-52 xl:min-w-70 rounded-sm"
        src="image_6.jpeg"
      />
      <img
        className="xxs:max-w-5 xs:min-w-10 sm:min-w-20 md:w-36 lg:w-52 xl:min-w-70 rounded-sm"
        src="image_7.jpeg"
      />
    </div>
  </div>
</div>
`;
